// Jest Snapshot v1, https://goo.gl/fbAQLP

exports[`comments User navigates to CreateComment 1`] = `
<ScrollViewMock
  keyboardShouldPersistTaps="always"
  style={
    Object {
      "backgroundColor": "#ffffffff",
      "flex": 1,
      "marginLeft": "auto",
      "marginRight": "auto",
      "maxWidth": 650,
      "paddingHorizontal": 19,
      "paddingVertical": 16,
      "width": "100%",
    }
  }
>
  <TouchableWithoutFeedback
    onPress={[Function]}
  >
    <View
      style={
        Object {
          "height": 1134,
        }
      }
    >
      <Text
        style={
          Object {
            "fontSize": 16,
            "marginBottom": 32,
            "marginVertical": 8,
            "textAlign": "left",
          }
        }
        testID="labelTitle"
      >
        Comments
      </Text>
      <View
        style={
          Object {
            "height": 1074,
          }
        }
      >
        <TextInput
          allowFontScaling={true}
          multiline={true}
          onChangeText={[Function]}
          placeholder="Write a comment..."
          placeholderTextColor="#ddd"
          rejectResponderTermination={true}
          style={
            Array [
              Object {
                "borderBottomWidth": 1,
                "color": "#252837",
                "fontSize": 16,
                "marginTop": 10,
                "paddingVertical": 10,
                "width": "100%",
              },
              Object {
                "borderBottomColor": "#eee",
              },
            ]
          }
          underlineColorAndroid="transparent"
        />
        <View
          style={
            Object {
              "bottom": 0,
              "position": "absolute",
              "width": "100%",
            }
          }
        >
          <Button
            onPress={[Function]}
            title="Comment"
          />
        </View>
      </View>
    </View>
  </TouchableWithoutFeedback>
</ScrollViewMock>
`;
